// Jest Snapshot v1, https://goo.gl/fbAQLP

exports[`BlogItem should render usual item 1`] = `
ShallowWrapper {
  "complexSelector": ComplexSelector {
    "buildPredicate": [Function],
    "childrenOfNode": [Function],
    "findWhereUnwrapped": [Function],
  },
  "length": 1,
  "node": <div
    className="row blog-item text-center"
>
    <Image
        alt="Hello World!"
        src="http://localhost:3001/images/post-1.jpg"
        style={
            Object {
                "height": 200,
                "width": 300,
              }
        }
    />
    <TextBox>
        <Link
            replace={false}
            to="/posts/5"
        >
            Hello, World!
        </Link>
    </TextBox>
    <Meta
        author=""
        createdAt=""
        likesCount={0}
        updatedAt=""
    />
    <Connect(Like)
        postId={5}
    />
    <Link
        replace={false}
        to="/posts/5/edit"
    >
        Edit
    </Link>
</div>,
  "nodes": Array [
    <div
      className="row blog-item text-center"
>
      <Image
            alt="Hello World!"
            src="http://localhost:3001/images/post-1.jpg"
            style={
                  Object {
                        "height": 200,
                        "width": 300,
                      }
            }
      />
      <TextBox>
            <Link
                  replace={false}
                  to="/posts/5"
            >
                  Hello, World!
            </Link>
      </TextBox>
      <Meta
            author=""
            createdAt=""
            likesCount={0}
            updatedAt=""
      />
      <Connect(Like)
            postId={5}
      />
      <Link
            replace={false}
            to="/posts/5/edit"
      >
            Edit
      </Link>
</div>,
  ],
  "options": Object {},
  "renderer": ReactShallowRenderer {
    "_instance":  {
      "_calledComponentWillUnmount": false,
      "_compositeType": 2,
      "_context": Object {},
      "_currentElement": <BlogItem
        post={
                Object {
                        "id": 5,
                        "image": Object {
                          "alt": "Hello World!",
                          "src": "http://localhost:3001/images/post-1.jpg",
                        },
                        "title": "Hello, World!",
                      }
        }
/>,
      "_debugID": 27,
      "_hostContainerInfo": null,
      "_hostParent": null,
      "_instance": StatelessComponent {
        "_reactInternalInstance": [Circular],
        "context": Object {},
        "props": Object {
          "post": Object {
            "id": 5,
            "image": Object {
              "alt": "Hello World!",
              "src": "http://localhost:3001/images/post-1.jpg",
            },
            "title": "Hello, World!",
          },
        },
        "refs": Object {},
        "state": null,
        "updater": Object {
          "enqueueCallback": [Function],
          "enqueueCallbackInternal": [Function],
          "enqueueElementInternal": [Function],
          "enqueueForceUpdate": [Function],
          "enqueueReplaceState": [Function],
          "enqueueSetState": [Function],
          "isMounted": [Function],
          "validateCallback": [Function],
        },
      },
      "_mountOrder": 2,
      "_pendingCallbacks": null,
      "_pendingElement": null,
      "_pendingForceUpdate": false,
      "_pendingReplaceState": false,
      "_pendingStateQueue": null,
      "_renderedComponent": NoopInternalComponent {
        "_currentElement": <div
          className="row blog-item text-center"
>
          <Image
                    alt="Hello World!"
                    src="http://localhost:3001/images/post-1.jpg"
                    style={
                              Object {
                                        "height": 200,
                                        "width": 300,
                                      }
                    }
          />
          <TextBox>
                    <Link
                              replace={false}
                              to="/posts/5"
                    >
                              Hello, World!
                    </Link>
          </TextBox>
          <Meta
                    author=""
                    createdAt=""
                    likesCount={0}
                    updatedAt=""
          />
          <Connect(Like)
                    postId={5}
          />
          <Link
                    replace={false}
                    to="/posts/5/edit"
          >
                    Edit
          </Link>
</div>,
        "_debugID": 28,
        "_renderedOutput": <div
          className="row blog-item text-center"
>
          <Image
                    alt="Hello World!"
                    src="http://localhost:3001/images/post-1.jpg"
                    style={
                              Object {
                                        "height": 200,
                                        "width": 300,
                                      }
                    }
          />
          <TextBox>
                    <Link
                              replace={false}
                              to="/posts/5"
                    >
                              Hello, World!
                    </Link>
          </TextBox>
          <Meta
                    author=""
                    createdAt=""
                    likesCount={0}
                    updatedAt=""
          />
          <Connect(Like)
                    postId={5}
          />
          <Link
                    replace={false}
                    to="/posts/5/edit"
          >
                    Edit
          </Link>
</div>,
      },
      "_renderedNodeType": 0,
      "_rootNodeID": 0,
      "_topLevelWrapper": null,
      "_updateBatchNumber": null,
      "_warnedAboutRefsInRender": false,
    },
    "getRenderOutput": [Function],
    "render": [Function],
  },
  "root": [Circular],
  "unrendered": <BlogItem
    post={
        Object {
            "id": 5,
            "image": Object {
              "alt": "Hello World!",
              "src": "http://localhost:3001/images/post-1.jpg",
            },
            "title": "Hello, World!",
          }
    }
/>,
}
`;
